// Jest Snapshot v1, https://goo.gl/fbAQLP

exports[`configs Full fat 1`] = `
{
  "args": [
    "-c",
    "hello",
  ],
  "command": "woot",
  "delay": 12,
  "ignore": [
    "node_modules",
  ],
  "quiet": undefined,
  "signal": "SIGABRT",
  "verbose": undefined,
  "watch": [
    "dist/**/*.js",
  ],
  "workingDirectory": Any<String>,
}
`;
